// Jest Snapshot v1, https://goo.gl/fbAQLP

exports[`<Home /> Should have style 1`] = `
.c0 {
  background: blue;
  font-size: 2rem;
}

<section
  class="c0"
>
  <h1>
    Hello, World!
  </h1>
</section>
`;
